// Jest Snapshot v1, https://goo.gl/fbAQLP

exports[`renders <Home /> page 1`] = `undefined`;
